[1] "Args: samples.csv"
[1] "Experiment has no controls!"
[1] "Library prkn_bc selection 'ao_bin1' replicate 1 with 4 files"
[1] "    File 551_S3_L001_counts_all has 1651602 read counts of 144026 unique sequences"
[1] "      mapped 1406216 read counts (85.1% of sequenced) to 115450 members of library prkn_bc (80.2% of sequenced and 44.8% of library)"
[1] "      store 28576 unique unmapped reads each with 1 or more counts, total 245386 (14.9%) counts"
[1] "    File 551_S3_L002_counts_all has 1562675 read counts of 141906 unique sequences"
[1] "      mapped 1329875 read counts (85.1% of sequenced) to 113083 members of library prkn_bc (79.7% of sequenced and 43.9% of library)"
[1] "      store 28823 unique unmapped reads each with 1 or more counts, total 232800 (14.9%) counts"
[1] "    File 551_S3_L003_counts_all has 1640135 read counts of 144375 unique sequences"
[1] "      mapped 1396752 read counts (85.2% of sequenced) to 115395 members of library prkn_bc (79.9% of sequenced and 44.8% of library)"
[1] "      store 28980 unique unmapped reads each with 1 or more counts, total 243383 (14.8%) counts"
[1] "    File 551_S3_L004_counts_all has 1573683 read counts of 144478 unique sequences"
[1] "      mapped 1337609 read counts (85.0% of sequenced) to 113795 members of library prkn_bc (78.8% of sequenced and 44.2% of library)"
[1] "      store 30683 unique unmapped reads each with 1 or more counts, total 236074 (15.0%) counts"
[1] "    Total read counts 6428095, mapped 5470452 (85.1%)"
[1] "    Coverage: 119815 of 257610 (46.5%) library members have any read counts, 106345 (41.3%) have 10 or more and 86885 (33.7%) have 20 or more"
[1] "    Avg Pearson 0.94 range 0.93 - 0.94  (log avg 0.96 range 0.95 - 0.96 with pseudo counts 1)"
[1] "Library prkn_bc selection 'ao_bin2' replicate 1 with 4 files"
[1] "    File 552_S4_L001_counts_all has 3153908 read counts of 225226 unique sequences"
[1] "      mapped 2835672 read counts (89.9% of sequenced) to 177628 members of library prkn_bc (78.9% of sequenced and 69.0% of library)"
[1] "      store 47598 unique unmapped reads each with 1 or more counts, total 318236 (10.1%) counts"
[1] "    File 552_S4_L002_counts_all has 2983762 read counts of 221663 unique sequences"
[1] "      mapped 2680403 read counts (89.8% of sequenced) to 173947 members of library prkn_bc (78.5% of sequenced and 67.5% of library)"
[1] "      store 47716 unique unmapped reads each with 1 or more counts, total 303359 (10.2%) counts"
[1] "    File 552_S4_L003_counts_all has 3126249 read counts of 225623 unique sequences"
[1] "      mapped 2810157 read counts (89.9% of sequenced) to 177516 members of library prkn_bc (78.7% of sequenced and 68.9% of library)"
[1] "      store 48107 unique unmapped reads each with 1 or more counts, total 316092 (10.1%) counts"
[1] "    File 552_S4_L004_counts_all has 3000844 read counts of 226729 unique sequences"
[1] "      mapped 2692241 read counts (89.7% of sequenced) to 175034 members of library prkn_bc (77.2% of sequenced and 67.9% of library)"
[1] "      store 51695 unique unmapped reads each with 1 or more counts, total 308603 (10.3%) counts"
[1] "    Total read counts 12264763, mapped 11018473 (89.8%)"
[1] "    Coverage: 184308 of 257610 (71.5%) library members have any read counts, 164535 (63.9%) have 10 or more and 141808 (55.0%) have 20 or more"
[1] "    Avg Pearson 0.93 range 0.93 - 0.94  (log avg 0.95 range 0.95 - 0.96 with pseudo counts 1)"
[1] "Library prkn_bc selection 'ao_bin3' replicate 1 with 4 files"
[1] "    File 553_S5_L001_counts_all has 4457531 read counts of 247573 unique sequences"
[1] "      mapped 4174119 read counts (93.6% of sequenced) to 187142 members of library prkn_bc (75.6% of sequenced and 72.6% of library)"
[1] "      store 60431 unique unmapped reads each with 1 or more counts, total 283412 (6.4%) counts"
[1] "    File 553_S5_L002_counts_all has 4189027 read counts of 244265 unique sequences"
[1] "      mapped 3920080 read counts (93.6% of sequenced) to 183446 members of library prkn_bc (75.1% of sequenced and 71.2% of library)"
[1] "      store 60819 unique unmapped reads each with 1 or more counts, total 268947 (6.4%) counts"
[1] "    File 553_S5_L003_counts_all has 4420955 read counts of 248249 unique sequences"
[1] "      mapped 4138795 read counts (93.6% of sequenced) to 187140 members of library prkn_bc (75.4% of sequenced and 72.6% of library)"
[1] "      store 61109 unique unmapped reads each with 1 or more counts, total 282160 (6.4%) counts"
[1] "    File 553_S5_L004_counts_all has 4216571 read counts of 250987 unique sequences"
[1] "      mapped 3940763 read counts (93.5% of sequenced) to 184643 members of library prkn_bc (73.6% of sequenced and 71.7% of library)"
[1] "      store 66344 unique unmapped reads each with 1 or more counts, total 275808 (6.5%) counts"
[1] "    Total read counts 17284084, mapped 16173757 (93.6%)"
[1] "    Coverage: 191951 of 257610 (74.5%) library members have any read counts, 180801 (70.2%) have 10 or more and 168584 (65.4%) have 20 or more"
[1] "    Avg Pearson 0.95 range 0.94 - 0.95  (log avg 0.96 range 0.96 - 0.97 with pseudo counts 1)"
[1] "Library prkn_bc selection 'ao_bin4' replicate 1 with 4 files"
[1] "    File 554_S6_L001_counts_all has 1945745 read counts of 156007 unique sequences"
[1] "      mapped 1818117 read counts (93.4% of sequenced) to 128367 members of library prkn_bc (82.3% of sequenced and 49.8% of library)"
[1] "      store 27640 unique unmapped reads each with 1 or more counts, total 127628 (6.6%) counts"
[1] "    File 554_S6_L002_counts_all has 1838318 read counts of 153694 unique sequences"
[1] "      mapped 1715043 read counts (93.3% of sequenced) to 125802 members of library prkn_bc (81.9% of sequenced and 48.8% of library)"
[1] "      store 27892 unique unmapped reads each with 1 or more counts, total 123275 (6.7%) counts"
[1] "    File 554_S6_L003_counts_all has 1930255 read counts of 156650 unique sequences"
[1] "      mapped 1802294 read counts (93.4% of sequenced) to 128303 members of library prkn_bc (81.9% of sequenced and 49.8% of library)"
[1] "      store 28347 unique unmapped reads each with 1 or more counts, total 127961 (6.6%) counts"
[1] "    File 554_S6_L004_counts_all has 1848056 read counts of 156711 unique sequences"
[1] "      mapped 1723320 read counts (93.3% of sequenced) to 126477 members of library prkn_bc (80.7% of sequenced and 49.1% of library)"
[1] "      store 30234 unique unmapped reads each with 1 or more counts, total 124736 (6.7%) counts"
[1] "    Total read counts 7562374, mapped 7058774 (93.3%)"
[1] "    Coverage: 133963 of 257610 (52.0%) library members have any read counts, 120002 (46.6%) have 10 or more and 102766 (39.9%) have 20 or more"
[1] "    Avg Pearson 0.94 range 0.94 - 0.94  (log avg 0.96 range 0.96 - 0.97 with pseudo counts 1)"
[1] "Library prkn_bc selection 'dmso_bin1' replicate 1 with 4 files"
[1] "    File 555_S7_L001_counts_all has 1828876 read counts of 171147 unique sequences"
[1] "      mapped 1678425 read counts (91.8% of sequenced) to 143022 members of library prkn_bc (83.6% of sequenced and 55.5% of library)"
[1] "      store 28125 unique unmapped reads each with 1 or more counts, total 150451 (8.2%) counts"
[1] "    File 555_S7_L002_counts_all has 1727560 read counts of 168422 unique sequences"
[1] "      mapped 1584750 read counts (91.7% of sequenced) to 140299 members of library prkn_bc (83.3% of sequenced and 54.5% of library)"
[1] "      store 28123 unique unmapped reads each with 1 or more counts, total 142810 (8.3%) counts"
[1] "    File 555_S7_L003_counts_all has 1812835 read counts of 171095 unique sequences"
[1] "      mapped 1663542 read counts (91.8% of sequenced) to 142859 members of library prkn_bc (83.5% of sequenced and 55.5% of library)"
[1] "      store 28236 unique unmapped reads each with 1 or more counts, total 149293 (8.2%) counts"
[1] "    File 555_S7_L004_counts_all has 1734465 read counts of 171313 unique sequences"
[1] "      mapped 1589081 read counts (91.6% of sequenced) to 141032 members of library prkn_bc (82.3% of sequenced and 54.7% of library)"
[1] "      store 30281 unique unmapped reads each with 1 or more counts, total 145384 (8.4%) counts"
[1] "    Total read counts 7103736, mapped 6515798 (91.7%)"
[1] "    Coverage: 147084 of 257610 (57.1%) library members have any read counts, 133304 (51.7%) have 10 or more and 109028 (42.3%) have 20 or more"
[1] "    Avg Pearson 0.92 range 0.91 - 0.92  (log avg 0.95 range 0.95 - 0.96 with pseudo counts 1)"
[1] "Library prkn_bc selection 'dmso_bin2' replicate 1 with 4 files"
[1] "    File 556_S8_L001_counts_all has 3139009 read counts of 216794 unique sequences"
[1] "      mapped 2902784 read counts (92.5% of sequenced) to 169039 members of library prkn_bc (78.0% of sequenced and 65.6% of library)"
[1] "      store 47755 unique unmapped reads each with 1 or more counts, total 236225 (7.5%) counts"
[1] "    File 556_S8_L002_counts_all has 2962272 read counts of 213316 unique sequences"
[1] "      mapped 2738429 read counts (92.4% of sequenced) to 165659 members of library prkn_bc (77.7% of sequenced and 64.3% of library)"
[1] "      store 47657 unique unmapped reads each with 1 or more counts, total 223843 (7.6%) counts"
[1] "    File 556_S8_L003_counts_all has 3109348 read counts of 216779 unique sequences"
[1] "      mapped 2875443 read counts (92.5% of sequenced) to 169007 members of library prkn_bc (78.0% of sequenced and 65.6% of library)"
[1] "      store 47772 unique unmapped reads each with 1 or more counts, total 233905 (7.5%) counts"
[1] "    File 556_S8_L004_counts_all has 2975502 read counts of 218121 unique sequences"
[1] "      mapped 2746608 read counts (92.3% of sequenced) to 166751 members of library prkn_bc (76.4% of sequenced and 64.7% of library)"
[1] "      store 51370 unique unmapped reads each with 1 or more counts, total 228894 (7.7%) counts"
[1] "    Total read counts 12186131, mapped 11263264 (92.4%)"
[1] "    Coverage: 172869 of 257610 (67.1%) library members have any read counts, 162583 (63.1%) have 10 or more and 146741 (57.0%) have 20 or more"
[1] "    Avg Pearson 0.93 range 0.93 - 0.94  (log avg 0.96 range 0.96 - 0.97 with pseudo counts 1)"
[1] "Library prkn_bc selection 'dmso_bin3' replicate 1 with 4 files"
[1] "    File 557_S9_L001_counts_all has 4147436 read counts of 237608 unique sequences"
[1] "      mapped 3751329 read counts (90.4% of sequenced) to 182210 members of library prkn_bc (76.7% of sequenced and 70.7% of library)"
[1] "      store 55398 unique unmapped reads each with 1 or more counts, total 396107 (9.6%) counts"
[1] "    File 557_S9_L002_counts_all has 3955543 read counts of 235120 unique sequences"
[1] "      mapped 3576599 read counts (90.4% of sequenced) to 178669 members of library prkn_bc (76.0% of sequenced and 69.4% of library)"
[1] "      store 56451 unique unmapped reads each with 1 or more counts, total 378944 (9.6%) counts"
[1] "    File 557_S9_L003_counts_all has 4092796 read counts of 237872 unique sequences"
[1] "      mapped 3701624 read counts (90.4% of sequenced) to 182152 members of library prkn_bc (76.6% of sequenced and 70.7% of library)"
[1] "      store 55720 unique unmapped reads each with 1 or more counts, total 391172 (9.6%) counts"
[1] "    File 557_S9_L004_counts_all has 3949354 read counts of 240793 unique sequences"
[1] "      mapped 3565685 read counts (90.3% of sequenced) to 179772 members of library prkn_bc (74.7% of sequenced and 69.8% of library)"
[1] "      store 61021 unique unmapped reads each with 1 or more counts, total 383669 (9.7%) counts"
[1] "    Total read counts 16145129, mapped 14595237 (90.4%)"
[1] "    Coverage: 186790 of 257610 (72.5%) library members have any read counts, 176429 (68.5%) have 10 or more and 165160 (64.1%) have 20 or more"
[1] "    Avg Pearson 0.94 range 0.94 - 0.95  (log avg 0.96 range 0.96 - 0.97 with pseudo counts 1)"
[1] "Library prkn_bc selection 'dmso_bin4' replicate 1 with 4 files"
[1] "    File 558_S10_L001_counts_all has 2478234 read counts of 176293 unique sequences"
[1] "      mapped 2197884 read counts (88.7% of sequenced) to 138426 members of library prkn_bc (78.5% of sequenced and 53.7% of library)"
[1] "      store 37867 unique unmapped reads each with 1 or more counts, total 280350 (11.3%) counts"
[1] "    File 558_S10_L002_counts_all has 2346320 read counts of 173440 unique sequences"
[1] "      mapped 2079363 read counts (88.6% of sequenced) to 135627 members of library prkn_bc (78.2% of sequenced and 52.6% of library)"
[1] "      store 37813 unique unmapped reads each with 1 or more counts, total 266957 (11.4%) counts"
[1] "    File 558_S10_L003_counts_all has 2454605 read counts of 176605 unique sequences"
[1] "      mapped 2176330 read counts (88.7% of sequenced) to 138452 members of library prkn_bc (78.4% of sequenced and 53.7% of library)"
[1] "      store 38153 unique unmapped reads each with 1 or more counts, total 278275 (11.3%) counts"
[1] "    File 558_S10_L004_counts_all has 2351094 read counts of 177177 unique sequences"
[1] "      mapped 2080702 read counts (88.5% of sequenced) to 136474 members of library prkn_bc (77.0% of sequenced and 53.0% of library)"
[1] "      store 40703 unique unmapped reads each with 1 or more counts, total 270392 (11.5%) counts"
[1] "    Total read counts 9630253, mapped 8534279 (88.6%)"
[1] "    Coverage: 144973 of 257610 (56.3%) library members have any read counts, 130233 (50.6%) have 10 or more and 114887 (44.6%) have 20 or more"
[1] "    Avg Pearson 0.94 range 0.94 - 0.95  (log avg 0.96 range 0.96 - 0.97 with pseudo counts 1)"
[1] "Library prkn_bc selection 'ao_bin1' replicate 2 with 4 files"
[1] "    File 561-I_S11_L001_counts_all has 1803521 read counts of 112857 unique sequences"
[1] "      mapped 1523903 read counts (84.5% of sequenced) to 86181 members of library prkn_bc (76.4% of sequenced and 33.5% of library)"
[1] "      store 26676 unique unmapped reads each with 1 or more counts, total 279618 (15.5%) counts"
[1] "    File 561-I_S11_L002_counts_all has 1704085 read counts of 111489 unique sequences"
[1] "      mapped 1438928 read counts (84.4% of sequenced) to 84408 members of library prkn_bc (75.7% of sequenced and 32.8% of library)"
[1] "      store 27081 unique unmapped reads each with 1 or more counts, total 265157 (15.6%) counts"
[1] "    File 561-I_S11_L003_counts_all has 1784268 read counts of 112895 unique sequences"
[1] "      mapped 1507020 read counts (84.5% of sequenced) to 86115 members of library prkn_bc (76.3% of sequenced and 33.4% of library)"
[1] "      store 26780 unique unmapped reads each with 1 or more counts, total 277248 (15.5%) counts"
[1] "    File 561-I_S11_L004_counts_all has 1709484 read counts of 113787 unique sequences"
[1] "      mapped 1441427 read counts (84.3% of sequenced) to 84874 members of library prkn_bc (74.6% of sequenced and 32.9% of library)"
[1] "      store 28913 unique unmapped reads each with 1 or more counts, total 268057 (15.7%) counts"
[1] "    Total read counts 7001358, mapped 5911278 (84.4%)"
[1] "    Coverage: 90459 of 257610 (35.1%) library members have any read counts, 79124 (30.7%) have 10 or more and 68211 (26.5%) have 20 or more"
[1] "    Avg Pearson 0.96 range 0.96 - 0.96  (log avg 0.97 range 0.97 - 0.98 with pseudo counts 1)"
[1] "Library prkn_bc selection 'ao_bin2' replicate 2 with 4 files"
[1] "    File 562-I_S12_L001_counts_all has 3106925 read counts of 185078 unique sequences"
[1] "      mapped 2813098 read counts (90.5% of sequenced) to 142763 members of library prkn_bc (77.1% of sequenced and 55.4% of library)"
[1] "      store 42315 unique unmapped reads each with 1 or more counts, total 293827 (9.5%) counts"
[1] "    File 562-I_S12_L002_counts_all has 2931000 read counts of 182050 unique sequences"
[1] "      mapped 2653214 read counts (90.5% of sequenced) to 139992 members of library prkn_bc (76.9% of sequenced and 54.3% of library)"
[1] "      store 42058 unique unmapped reads each with 1 or more counts, total 277786 (9.5%) counts"
[1] "    File 562-I_S12_L003_counts_all has 3083539 read counts of 185456 unique sequences"
[1] "      mapped 2790856 read counts (90.5% of sequenced) to 142704 members of library prkn_bc (76.9% of sequenced and 55.4% of library)"
[1] "      store 42752 unique unmapped reads each with 1 or more counts, total 292683 (9.5%) counts"
[1] "    File 562-I_S12_L004_counts_all has 2943180 read counts of 186621 unique sequences"
[1] "      mapped 2660564 read counts (90.4% of sequenced) to 140833 members of library prkn_bc (75.5% of sequenced and 54.7% of library)"
[1] "      store 45788 unique unmapped reads each with 1 or more counts, total 282616 (9.6%) counts"
[1] "    Total read counts 12064644, mapped 10917732 (90.5%)"
[1] "    Coverage: 145165 of 257610 (56.4%) library members have any read counts, 138988 (54.0%) have 10 or more and 132000 (51.2%) have 20 or more"
[1] "    Avg Pearson 0.95 range 0.94 - 0.95  (log avg 0.97 range 0.97 - 0.98 with pseudo counts 1)"
[1] "Library prkn_bc selection 'ao_bin3' replicate 2 with 4 files"
[1] "    File 563-I_S13_L001_counts_all has 3650698 read counts of 189028 unique sequences"
[1] "      mapped 3440413 read counts (94.2% of sequenced) to 145115 members of library prkn_bc (76.8% of sequenced and 56.3% of library)"
[1] "      store 43913 unique unmapped reads each with 1 or more counts, total 210285 (5.8%) counts"
[1] "    File 563-I_S13_L002_counts_all has 3444904 read counts of 186874 unique sequences"
[1] "      mapped 3244193 read counts (94.2% of sequenced) to 142265 members of library prkn_bc (76.1% of sequenced and 55.2% of library)"
[1] "      store 44609 unique unmapped reads each with 1 or more counts, total 200711 (5.8%) counts"
[1] "    File 563-I_S13_L003_counts_all has 3629645 read counts of 189626 unique sequences"
[1] "      mapped 3419346 read counts (94.2% of sequenced) to 144957 members of library prkn_bc (76.4% of sequenced and 56.3% of library)"
[1] "      store 44669 unique unmapped reads each with 1 or more counts, total 210299 (5.8%) counts"
[1] "    File 563-I_S13_L004_counts_all has 3467446 read counts of 191773 unique sequences"
[1] "      mapped 3262365 read counts (94.1% of sequenced) to 143137 members of library prkn_bc (74.6% of sequenced and 55.6% of library)"
[1] "      store 48636 unique unmapped reads each with 1 or more counts, total 205081 (5.9%) counts"
[1] "    Total read counts 14192693, mapped 13366317 (94.2%)"
[1] "    Coverage: 148725 of 257610 (57.7%) library members have any read counts, 138672 (53.8%) have 10 or more and 128305 (49.8%) have 20 or more"
[1] "    Avg Pearson 0.96 range 0.96 - 0.96  (log avg 0.98 range 0.97 - 0.98 with pseudo counts 1)"
[1] "Library prkn_bc selection 'ao_bin4' replicate 2 with 4 files"
[1] "    File 564-I_S14_L001_counts_all has 2019346 read counts of 129332 unique sequences"
[1] "      mapped 1888416 read counts (93.5% of sequenced) to 100217 members of library prkn_bc (77.5% of sequenced and 38.9% of library)"
[1] "      store 29115 unique unmapped reads each with 1 or more counts, total 130930 (6.5%) counts"
[1] "    File 564-I_S14_L002_counts_all has 1911009 read counts of 127351 unique sequences"
[1] "      mapped 1785844 read counts (93.5% of sequenced) to 98213 members of library prkn_bc (77.1% of sequenced and 38.1% of library)"
[1] "      store 29138 unique unmapped reads each with 1 or more counts, total 125165 (6.5%) counts"
[1] "    File 564-I_S14_L003_counts_all has 1995480 read counts of 129360 unique sequences"
[1] "      mapped 1864888 read counts (93.5% of sequenced) to 100135 members of library prkn_bc (77.4% of sequenced and 38.9% of library)"
[1] "      store 29225 unique unmapped reads each with 1 or more counts, total 130592 (6.5%) counts"
[1] "    File 564-I_S14_L004_counts_all has 1905917 read counts of 130186 unique sequences"
[1] "      mapped 1778713 read counts (93.3% of sequenced) to 98790 members of library prkn_bc (75.9% of sequenced and 38.3% of library)"
[1] "      store 31396 unique unmapped reads each with 1 or more counts, total 127204 (6.7%) counts"
[1] "    Total read counts 7831752, mapped 7317861 (93.4%)"
[1] "    Coverage: 103002 of 257610 (40.0%) library members have any read counts, 96189 (37.3%) have 10 or more and 89427 (34.7%) have 20 or more"
[1] "    Avg Pearson 0.95 range 0.95 - 0.96  (log avg 0.98 range 0.97 - 0.98 with pseudo counts 1)"
[1] "Library prkn_bc selection 'dmso_bin1' replicate 2 with 4 files"
[1] "    File 565-I_S15_L001_counts_all has 1475291 read counts of 98201 unique sequences"
[1] "      mapped 1349264 read counts (91.5% of sequenced) to 78744 members of library prkn_bc (80.2% of sequenced and 30.6% of library)"
[1] "      store 19457 unique unmapped reads each with 1 or more counts, total 126027 (8.5%) counts"
[1] "    File 565-I_S15_L002_counts_all has 1390732 read counts of 96582 unique sequences"
[1] "      mapped 1271861 read counts (91.5% of sequenced) to 76984 members of library prkn_bc (79.7% of sequenced and 29.9% of library)"
[1] "      store 19598 unique unmapped reads each with 1 or more counts, total 118871 (8.5%) counts"
[1] "    File 565-I_S15_L003_counts_all has 1462927 read counts of 98759 unique sequences"
[1] "      mapped 1337899 read counts (91.5% of sequenced) to 78610 members of library prkn_bc (79.6% of sequenced and 30.5% of library)"
[1] "      store 20149 unique unmapped reads each with 1 or more counts, total 125028 (8.5%) counts"
[1] "    File 565-I_S15_L004_counts_all has 1400210 read counts of 98832 unique sequences"
[1] "      mapped 1278865 read counts (91.3% of sequenced) to 77444 members of library prkn_bc (78.4% of sequenced and 30.1% of library)"
[1] "      store 21388 unique unmapped reads each with 1 or more counts, total 121345 (8.7%) counts"
[1] "    Total read counts 5729160, mapped 5237889 (91.4%)"
[1] "    Coverage: 83229 of 257610 (32.3%) library members have any read counts, 70070 (27.2%) have 10 or more and 60178 (23.4%) have 20 or more"
[1] "    Avg Pearson 0.96 range 0.96 - 0.96  (log avg 0.97 range 0.97 - 0.98 with pseudo counts 1)"
[1] "Library prkn_bc selection 'dmso_bin2' replicate 2 with 4 files"
[1] "    File 566-I_S16_L001_counts_all has 3611624 read counts of 189317 unique sequences"
[1] "      mapped 3336294 read counts (92.4% of sequenced) to 143426 members of library prkn_bc (75.8% of sequenced and 55.7% of library)"
[1] "      store 45891 unique unmapped reads each with 1 or more counts, total 275330 (7.6%) counts"
[1] "    File 566-I_S16_L002_counts_all has 3404166 read counts of 186628 unique sequences"
[1] "      mapped 3142812 read counts (92.3% of sequenced) to 140595 members of library prkn_bc (75.3% of sequenced and 54.6% of library)"
[1] "      store 46033 unique unmapped reads each with 1 or more counts, total 261354 (7.7%) counts"
[1] "    File 566-I_S16_L003_counts_all has 3580045 read counts of 190019 unique sequences"
[1] "      mapped 3306485 read counts (92.4% of sequenced) to 143396 members of library prkn_bc (75.5% of sequenced and 55.7% of library)"
[1] "      store 46623 unique unmapped reads each with 1 or more counts, total 273560 (7.6%) counts"
[1] "    File 566-I_S16_L004_counts_all has 3415167 read counts of 191796 unique sequences"
[1] "      mapped 3149416 read counts (92.2% of sequenced) to 141564 members of library prkn_bc (73.8% of sequenced and 55.0% of library)"
[1] "      store 50232 unique unmapped reads each with 1 or more counts, total 265751 (7.8%) counts"
[1] "    Total read counts 14011002, mapped 12935007 (92.3%)"
[1] "    Coverage: 145734 of 257610 (56.6%) library members have any read counts, 139653 (54.2%) have 10 or more and 132858 (51.6%) have 20 or more"
[1] "    Avg Pearson 0.95 range 0.95 - 0.96  (log avg 0.98 range 0.97 - 0.98 with pseudo counts 1)"
[1] "Library prkn_bc selection 'dmso_bin3' replicate 2 with 4 files"
[1] "    File 567-I_S17_L001_counts_all has 3901721 read counts of 211312 unique sequences"
[1] "      mapped 3556269 read counts (91.1% of sequenced) to 160405 members of library prkn_bc (75.9% of sequenced and 62.3% of library)"
[1] "      store 50907 unique unmapped reads each with 1 or more counts, total 345452 (8.9%) counts"
[1] "    File 567-I_S17_L002_counts_all has 3685148 read counts of 208390 unique sequences"
[1] "      mapped 3355839 read counts (91.1% of sequenced) to 157279 members of library prkn_bc (75.5% of sequenced and 61.1% of library)"
[1] "      store 51111 unique unmapped reads each with 1 or more counts, total 329309 (8.9%) counts"
[1] "    File 567-I_S17_L003_counts_all has 3869816 read counts of 211699 unique sequences"
[1] "      mapped 3526257 read counts (91.1% of sequenced) to 160331 members of library prkn_bc (75.7% of sequenced and 62.2% of library)"
[1] "      store 51368 unique unmapped reads each with 1 or more counts, total 343559 (8.9%) counts"
[1] "    File 567-I_S17_L004_counts_all has 3701975 read counts of 213778 unique sequences"
[1] "      mapped 3367843 read counts (91.0% of sequenced) to 158179 members of library prkn_bc (74.0% of sequenced and 61.4% of library)"
[1] "      store 55599 unique unmapped reads each with 1 or more counts, total 334132 (9.0%) counts"
[1] "    Total read counts 15158660, mapped 13806208 (91.1%)"
[1] "    Coverage: 167136 of 257610 (64.9%) library members have any read counts, 149237 (57.9%) have 10 or more and 133753 (51.9%) have 20 or more"
[1] "    Avg Pearson 0.96 range 0.95 - 0.96  (log avg 0.97 range 0.96 - 0.97 with pseudo counts 1)"
[1] "Library prkn_bc selection 'dmso_bin4' replicate 2 with 4 files"
[1] "    File 568-I_S18_L001_counts_all has 2334062 read counts of 126605 unique sequences"
[1] "      mapped 2065278 read counts (88.5% of sequenced) to 94679 members of library prkn_bc (74.8% of sequenced and 36.8% of library)"
[1] "      store 31926 unique unmapped reads each with 1 or more counts, total 268784 (11.5%) counts"
[1] "    File 568-I_S18_L002_counts_all has 2203333 read counts of 125010 unique sequences"
[1] "      mapped 1947660 read counts (88.4% of sequenced) to 92792 members of library prkn_bc (74.2% of sequenced and 36.0% of library)"
[1] "      store 32218 unique unmapped reads each with 1 or more counts, total 255673 (11.6%) counts"
[1] "    File 568-I_S18_L003_counts_all has 2316756 read counts of 127004 unique sequences"
[1] "      mapped 2049152 read counts (88.4% of sequenced) to 94605 members of library prkn_bc (74.5% of sequenced and 36.7% of library)"
[1] "      store 32399 unique unmapped reads each with 1 or more counts, total 267604 (11.6%) counts"
[1] "    File 568-I_S18_L004_counts_all has 2219943 read counts of 127924 unique sequences"
[1] "      mapped 1961850 read counts (88.4% of sequenced) to 93360 members of library prkn_bc (73.0% of sequenced and 36.2% of library)"
[1] "      store 34564 unique unmapped reads each with 1 or more counts, total 258093 (11.6%) counts"
[1] "    Total read counts 9074094, mapped 8023940 (88.4%)"
[1] "    Coverage: 98126 of 257610 (38.1%) library members have any read counts, 90020 (34.9%) have 10 or more and 83882 (32.6%) have 20 or more"
[1] "    Avg Pearson 0.96 range 0.96 - 0.96  (log avg 0.98 range 0.98 - 0.99 with pseudo counts 1)"
[1] "Library prkn_bc selection 'ao_bin1' replicate 3 with 4 files"
[1] "    File 561-II_S19_L001_counts_all has 1501042 read counts of 109459 unique sequences"
[1] "      mapped 1306745 read counts (87.1% of sequenced) to 86980 members of library prkn_bc (79.5% of sequenced and 33.8% of library)"
[1] "      store 22479 unique unmapped reads each with 1 or more counts, total 194297 (12.9%) counts"
[1] "    File 561-II_S19_L002_counts_all has 1420430 read counts of 108008 unique sequences"
[1] "      mapped 1234667 read counts (86.9% of sequenced) to 85208 members of library prkn_bc (78.9% of sequenced and 33.1% of library)"
[1] "      store 22800 unique unmapped reads each with 1 or more counts, total 185763 (13.1%) counts"
[1] "    File 561-II_S19_L003_counts_all has 1489297 read counts of 109866 unique sequences"
[1] "      mapped 1295850 read counts (87.0% of sequenced) to 86965 members of library prkn_bc (79.2% of sequenced and 33.8% of library)"
[1] "      store 22901 unique unmapped reads each with 1 or more counts, total 193447 (13.0%) counts"
[1] "    File 561-II_S19_L004_counts_all has 1426876 read counts of 110084 unique sequences"
[1] "      mapped 1238687 read counts (86.8% of sequenced) to 85684 members of library prkn_bc (77.8% of sequenced and 33.3% of library)"
[1] "      store 24400 unique unmapped reads each with 1 or more counts, total 188189 (13.2%) counts"
[1] "    Total read counts 5837645, mapped 5075949 (87.0%)"
[1] "    Coverage: 89930 of 257610 (34.9%) library members have any read counts, 81953 (31.8%) have 10 or more and 72121 (28.0%) have 20 or more"
[1] "    Avg Pearson 0.95 range 0.94 - 0.95  (log avg 0.97 range 0.97 - 0.98 with pseudo counts 1)"
[1] "Library prkn_bc selection 'ao_bin2' replicate 3 with 4 files"
[1] "    File 562-II_S20_L001_counts_all has 4135771 read counts of 190967 unique sequences"
[1] "      mapped 3734395 read counts (90.3% of sequenced) to 139858 members of library prkn_bc (73.2% of sequenced and 54.3% of library)"
[1] "      store 51109 unique unmapped reads each with 1 or more counts, total 401376 (9.7%) counts"
[1] "    File 562-II_S20_L002_counts_all has 3908294 read counts of 188608 unique sequences"
[1] "      mapped 3527391 read counts (90.3% of sequenced) to 137108 members of library prkn_bc (72.7% of sequenced and 53.2% of library)"
[1] "      store 51500 unique unmapped reads each with 1 or more counts, total 380903 (9.7%) counts"
[1] "    File 562-II_S20_L003_counts_all has 4109529 read counts of 191769 unique sequences"
[1] "      mapped 3710161 read counts (90.3% of sequenced) to 139856 members of library prkn_bc (72.9% of sequenced and 54.3% of library)"
[1] "      store 51913 unique unmapped reads each with 1 or more counts, total 399368 (9.7%) counts"
[1] "    File 562-II_S20_L004_counts_all has 3923711 read counts of 194334 unique sequences"
[1] "      mapped 3537268 read counts (90.2% of sequenced) to 138138 members of library prkn_bc (71.1% of sequenced and 53.6% of library)"
[1] "      store 56196 unique unmapped reads each with 1 or more counts, total 386443 (9.8%) counts"
[1] "    Total read counts 16077305, mapped 14509215 (90.2%)"
[1] "    Coverage: 144405 of 257610 (56.1%) library members have any read counts, 134384 (52.2%) have 10 or more and 128046 (49.7%) have 20 or more"
[1] "    Avg Pearson 0.96 range 0.96 - 0.97  (log avg 0.98 range 0.97 - 0.99 with pseudo counts 1)"
[1] "Library prkn_bc selection 'ao_bin3' replicate 3 with 4 files"
[1] "    File 563-II_S21_L001_counts_all has 3871212 read counts of 206187 unique sequences"
[1] "      mapped 3609478 read counts (93.2% of sequenced) to 158140 members of library prkn_bc (76.7% of sequenced and 61.4% of library)"
[1] "      store 48047 unique unmapped reads each with 1 or more counts, total 261734 (6.8%) counts"
[1] "    File 563-II_S21_L002_counts_all has 3657055 read counts of 203995 unique sequences"
[1] "      mapped 3407248 read counts (93.2% of sequenced) to 155154 members of library prkn_bc (76.1% of sequenced and 60.2% of library)"
[1] "      store 48841 unique unmapped reads each with 1 or more counts, total 249807 (6.8%) counts"
[1] "    File 563-II_S21_L003_counts_all has 3848361 read counts of 207389 unique sequences"
[1] "      mapped 3586997 read counts (93.2% of sequenced) to 158181 members of library prkn_bc (76.3% of sequenced and 61.4% of library)"
[1] "      store 49208 unique unmapped reads each with 1 or more counts, total 261364 (6.8%) counts"
[1] "    File 563-II_S21_L004_counts_all has 3673419 read counts of 209356 unique sequences"
[1] "      mapped 3418428 read counts (93.1% of sequenced) to 156168 members of library prkn_bc (74.6% of sequenced and 60.6% of library)"
[1] "      store 53188 unique unmapped reads each with 1 or more counts, total 254991 (6.9%) counts"
[1] "    Total read counts 15050047, mapped 14022151 (93.2%)"
[1] "    Coverage: 162685 of 257610 (63.2%) library members have any read counts, 151601 (58.8%) have 10 or more and 140595 (54.6%) have 20 or more"
[1] "    Avg Pearson 0.95 range 0.95 - 0.96  (log avg 0.97 range 0.97 - 0.98 with pseudo counts 1)"
[1] "Library prkn_bc selection 'ao_bin4' replicate 3 with 4 files"
[1] "    File 564-II_S22_L001_counts_all has 2082299 read counts of 133372 unique sequences"
[1] "      mapped 1943855 read counts (93.4% of sequenced) to 106673 members of library prkn_bc (80.0% of sequenced and 41.4% of library)"
[1] "      store 26699 unique unmapped reads each with 1 or more counts, total 138444 (6.6%) counts"
[1] "    File 564-II_S22_L002_counts_all has 1965050 read counts of 130975 unique sequences"
[1] "      mapped 1834058 read counts (93.3% of sequenced) to 104610 members of library prkn_bc (79.9% of sequenced and 40.6% of library)"
[1] "      store 26365 unique unmapped reads each with 1 or more counts, total 130992 (6.7%) counts"
[1] "    File 564-II_S22_L003_counts_all has 2067933 read counts of 133356 unique sequences"
[1] "      mapped 1930706 read counts (93.4% of sequenced) to 106600 members of library prkn_bc (79.9% of sequenced and 41.4% of library)"
[1] "      store 26756 unique unmapped reads each with 1 or more counts, total 137227 (6.6%) counts"
[1] "    File 564-II_S22_L004_counts_all has 1971871 read counts of 134273 unique sequences"
[1] "      mapped 1838267 read counts (93.2% of sequenced) to 105160 members of library prkn_bc (78.3% of sequenced and 40.8% of library)"
[1] "      store 29113 unique unmapped reads each with 1 or more counts, total 133604 (6.8%) counts"
[1] "    Total read counts 8087153, mapped 7546886 (93.3%)"
[1] "    Coverage: 110185 of 257610 (42.8%) library members have any read counts, 101159 (39.3%) have 10 or more and 91122 (35.4%) have 20 or more"
[1] "    Avg Pearson 0.95 range 0.95 - 0.96  (log avg 0.97 range 0.97 - 0.98 with pseudo counts 1)"
[1] "Library prkn_bc selection 'dmso_bin1' replicate 3 with 4 files"
[1] "    File 565-II_S23_L001_counts_all has 1393456 read counts of 104633 unique sequences"
[1] "      mapped 1270366 read counts (91.2% of sequenced) to 84665 members of library prkn_bc (80.9% of sequenced and 32.9% of library)"
[1] "      store 19968 unique unmapped reads each with 1 or more counts, total 123090 (8.8%) counts"
[1] "    File 565-II_S23_L002_counts_all has 1323408 read counts of 103092 unique sequences"
[1] "      mapped 1205735 read counts (91.1% of sequenced) to 83008 members of library prkn_bc (80.5% of sequenced and 32.2% of library)"
[1] "      store 20084 unique unmapped reads each with 1 or more counts, total 117673 (8.9%) counts"
[1] "    File 565-II_S23_L003_counts_all has 1378082 read counts of 104665 unique sequences"
[1] "      mapped 1256403 read counts (91.2% of sequenced) to 84589 members of library prkn_bc (80.8% of sequenced and 32.8% of library)"
[1] "      store 20076 unique unmapped reads each with 1 or more counts, total 121679 (8.8%) counts"
[1] "    File 565-II_S23_L004_counts_all has 1328970 read counts of 104836 unique sequences"
[1] "      mapped 1209854 read counts (91.0% of sequenced) to 83393 members of library prkn_bc (79.5% of sequenced and 32.4% of library)"
[1] "      store 21443 unique unmapped reads each with 1 or more counts, total 119116 (9.0%) counts"
[1] "    Total read counts 5423916, mapped 4942358 (91.1%)"
[1] "    Coverage: 87680 of 257610 (34.0%) library members have any read counts, 78702 (30.6%) have 10 or more and 68310 (26.5%) have 20 or more"
[1] "    Avg Pearson 0.95 range 0.94 - 0.95  (log avg 0.97 range 0.97 - 0.98 with pseudo counts 1)"
[1] "Library prkn_bc selection 'dmso_bin2' replicate 3 with 4 files"
[1] "    File 566-II_S24_L001_counts_all has 3406904 read counts of 161357 unique sequences"
[1] "      mapped 3138941 read counts (92.1% of sequenced) to 115932 members of library prkn_bc (71.8% of sequenced and 45.0% of library)"
[1] "      store 45425 unique unmapped reads each with 1 or more counts, total 267963 (7.9%) counts"
[1] "    File 566-II_S24_L002_counts_all has 3210471 read counts of 159446 unique sequences"
[1] "      mapped 2956087 read counts (92.1% of sequenced) to 113581 members of library prkn_bc (71.2% of sequenced and 44.1% of library)"
[1] "      store 45865 unique unmapped reads each with 1 or more counts, total 254384 (7.9%) counts"
[1] "    File 566-II_S24_L003_counts_all has 3364501 read counts of 161674 unique sequences"
[1] "      mapped 3099573 read counts (92.1% of sequenced) to 115835 members of library prkn_bc (71.6% of sequenced and 45.0% of library)"
[1] "      store 45839 unique unmapped reads each with 1 or more counts, total 264928 (7.9%) counts"
[1] "    File 566-II_S24_L004_counts_all has 3202096 read counts of 164191 unique sequences"
[1] "      mapped 2944827 read counts (92.0% of sequenced) to 114393 members of library prkn_bc (69.7% of sequenced and 44.4% of library)"
[1] "      store 49798 unique unmapped reads each with 1 or more counts, total 257269 (8.0%) counts"
[1] "    Total read counts 13183972, mapped 12139428 (92.1%)"
[1] "    Coverage: 117670 of 257610 (45.7%) library members have any read counts, 112763 (43.8%) have 10 or more and 108077 (42.0%) have 20 or more"
[1] "    Avg Pearson 0.96 range 0.96 - 0.97  (log avg 0.98 range 0.98 - 0.99 with pseudo counts 1)"
[1] "Library prkn_bc selection 'dmso_bin3' replicate 3 with 4 files"
[1] "    File 567-II_S25_L001_counts_all has 3834142 read counts of 198287 unique sequences"
[1] "      mapped 3497777 read counts (91.2% of sequenced) to 149596 members of library prkn_bc (75.4% of sequenced and 58.1% of library)"
[1] "      store 48691 unique unmapped reads each with 1 or more counts, total 336365 (8.8%) counts"
[1] "    File 567-II_S25_L002_counts_all has 3636728 read counts of 195996 unique sequences"
[1] "      mapped 3314588 read counts (91.1% of sequenced) to 146655 members of library prkn_bc (74.8% of sequenced and 56.9% of library)"
[1] "      store 49341 unique unmapped reads each with 1 or more counts, total 322140 (8.9%) counts"
[1] "    File 567-II_S25_L003_counts_all has 3802316 read counts of 198840 unique sequences"
[1] "      mapped 3467597 read counts (91.2% of sequenced) to 149513 members of library prkn_bc (75.2% of sequenced and 58.0% of library)"
[1] "      store 49327 unique unmapped reads each with 1 or more counts, total 334719 (8.8%) counts"
[1] "    File 567-II_S25_L004_counts_all has 3659324 read counts of 201819 unique sequences"
[1] "      mapped 3331268 read counts (91.0% of sequenced) to 147695 members of library prkn_bc (73.2% of sequenced and 57.3% of library)"
[1] "      store 54124 unique unmapped reads each with 1 or more counts, total 328056 (9.0%) counts"
[1] "    Total read counts 14932510, mapped 13611230 (91.2%)"
[1] "    Coverage: 153291 of 257610 (59.5%) library members have any read counts, 143739 (55.8%) have 10 or more and 134684 (52.3%) have 20 or more"
[1] "    Avg Pearson 0.95 range 0.95 - 0.96  (log avg 0.97 range 0.97 - 0.98 with pseudo counts 1)"
[1] "Library prkn_bc selection 'dmso_bin4' replicate 3 with 4 files"
[1] "    File 568-II_S26_L001_counts_all has 1932811 read counts of 123861 unique sequences"
[1] "      mapped 1714886 read counts (88.7% of sequenced) to 95620 members of library prkn_bc (77.2% of sequenced and 37.1% of library)"
[1] "      store 28241 unique unmapped reads each with 1 or more counts, total 217925 (11.3%) counts"
[1] "    File 568-II_S26_L002_counts_all has 1824103 read counts of 122081 unique sequences"
[1] "      mapped 1618706 read counts (88.7% of sequenced) to 93707 members of library prkn_bc (76.8% of sequenced and 36.4% of library)"
[1] "      store 28374 unique unmapped reads each with 1 or more counts, total 205397 (11.3%) counts"
[1] "    File 568-II_S26_L003_counts_all has 1913777 read counts of 124147 unique sequences"
[1] "      mapped 1698424 read counts (88.7% of sequenced) to 95477 members of library prkn_bc (76.9% of sequenced and 37.1% of library)"
[1] "      store 28670 unique unmapped reads each with 1 or more counts, total 215353 (11.3%) counts"
[1] "    File 568-II_S26_L004_counts_all has 1834615 read counts of 125204 unique sequences"
[1] "      mapped 1625251 read counts (88.6% of sequenced) to 94233 members of library prkn_bc (75.3% of sequenced and 36.6% of library)"
[1] "      store 30971 unique unmapped reads each with 1 or more counts, total 209364 (11.4%) counts"
[1] "    Total read counts 7505306, mapped 6657267 (88.7%)"
[1] "    Coverage: 100424 of 257610 (39.0%) library members have any read counts, 89922 (34.9%) have 10 or more and 82252 (31.9%) have 20 or more"
[1] "    Avg Pearson 0.95 range 0.95 - 0.95  (log avg 0.98 range 0.97 - 0.98 with pseudo counts 1)"
[1] "Library prkn_bc selection 'ao_bin1' has 3 biological replicates"
[1] "    Avg Pearson 0.32 range 0.29 - 0.36  (log avg 0.27 range 0.26 - 0.29 with pseudo counts 1)"
[1] "    Barcodes observed in bio. rep. ao_bin1-1 for 12698 of 16488 (77.01%) amino acid variants in library prkn_bc"
[1] "        Avg read count 331.8, median 143.5, range 0 - 482012"
[1] "        Barcodes observed for 9170 of 9219 (99.47%) single amino acid variants in library prkn_bc"
[1] "        Single variant avg read count 521.4, median 395.0, range 0 - 4360"
[1] "        WT amino acid sequence read counts: 482012 (8.81%), single variants 4806425 (87.86%)"
[1] "        WT barcodes observed 12440 of 27072 (45.95%)"
[1] "    Barcodes observed in bio. rep. ao_bin1-2 for 11824 of 16488 (71.71%) amino acid variants in library prkn_bc"
[1] "        Avg read count 358.5, median 130.0, range 0 - 458656"
[1] "        Barcodes observed for 9072 of 9219 (98.41%) single amino acid variants in library prkn_bc"
[1] "        Single variant avg read count 569.3, median 390.0, range 0 - 5920"
[1] "        WT amino acid sequence read counts: 458656 (7.76%), single variants 5248176 (88.78%)"
[1] "        WT barcodes observed 8677 of 27072 (32.05%)"
[1] "    Barcodes observed in bio. rep. ao_bin1-3 for 11723 of 16488 (71.10%) amino acid variants in library prkn_bc"
[1] "        Avg read count 307.9, median 127.0, range 0 - 461753"
[1] "        Barcodes observed for 9098 of 9219 (98.69%) single amino acid variants in library prkn_bc"
[1] "        Single variant avg read count 484.1, median 389.0, range 0 - 3667"
[1] "        WT amino acid sequence read counts: 461753 (9.10%), single variants 4462552 (87.92%)"
[1] "        WT barcodes observed 8961 of 27072 (33.10%)"
[1] "    Excluding WT from correlations at amino acid level"
[1] "    Amino acid level avg Pearson 0.90 range 0.88 - 0.92  (log avg 0.81 range 0.81 - 0.82 with pseudo counts 1)"
[1] "    Single AA variant avg AA Pearson 0.86 range 0.84 - 0.90  (log avg 0.70 range 0.66 - 0.73 with pseudo counts 1)"
[1] "Library prkn_bc selection 'ao_bin2' has 3 biological replicates"
[1] "    Avg Pearson 0.31 range 0.30 - 0.32  (log avg 0.31 range 0.30 - 0.32 with pseudo counts 1)"
[1] "    Barcodes observed in bio. rep. ao_bin2-1 for 14335 of 16488 (86.94%) amino acid variants in library prkn_bc"
[1] "        Avg read count 668.3, median 381.0, range 0 - 1234217"
[1] "        Barcodes observed for 9214 of 9219 (99.95%) single amino acid variants in library prkn_bc"
[1] "        Single variant avg read count 1027.5, median 982.0, range 0 - 4007"
[1] "        WT amino acid sequence read counts: 1234217 (11.20%), single variants 9472129 (85.97%)"
[1] "        WT barcodes observed 20128 of 27072 (74.35%)"
[1] "    Barcodes observed in bio. rep. ao_bin2-2 for 13241 of 16488 (80.31%) amino acid variants in library prkn_bc"
[1] "        Avg read count 662.2, median 356.0, range 0 - 1223205"
[1] "        Barcodes observed for 9188 of 9219 (99.66%) single amino acid variants in library prkn_bc"
[1] "        Single variant avg read count 1018.2, median 976.0, range 0 - 5024"
[1] "        WT amino acid sequence read counts: 1223205 (11.20%), single variants 9386740 (85.98%)"
[1] "        WT barcodes observed 15936 of 27072 (58.87%)"
[1] "    Barcodes observed in bio. rep. ao_bin2-3 for 13199 of 16488 (80.05%) amino acid variants in library prkn_bc"
[1] "        Avg read count 880.0, median 488.5, range 0 - 1566281"
[1] "        Barcodes observed for 9201 of 9219 (99.80%) single amino acid variants in library prkn_bc"
[1] "        Single variant avg read count 1358.0, median 1283.0, range 0 - 6405"
[1] "        WT amino acid sequence read counts: 1566281 (10.80%), single variants 12519490 (86.29%)"
[1] "        WT barcodes observed 15563 of 27072 (57.49%)"
[1] "    Excluding WT from correlations at amino acid level"
[1] "    Amino acid level avg Pearson 0.92 range 0.91 - 0.92  (log avg 0.81 range 0.80 - 0.82 with pseudo counts 1)"
[1] "    Single AA variant avg AA Pearson 0.81 range 0.80 - 0.82  (log avg 0.80 range 0.78 - 0.81 with pseudo counts 1)"
[1] "Library prkn_bc selection 'ao_bin3' has 3 biological replicates"
[1] "    Avg Pearson 0.34 range 0.32 - 0.36  (log avg 0.35 range 0.33 - 0.36 with pseudo counts 1)"
[1] "    Barcodes observed in bio. rep. ao_bin3-1 for 14315 of 16488 (86.82%) amino acid variants in library prkn_bc"
[1] "        Avg read count 980.9, median 507.5, range 0 - 1876204"
[1] "        Barcodes observed for 9201 of 9219 (99.80%) single amino acid variants in library prkn_bc"
[1] "        Single variant avg read count 1506.3, median 1489.0, range 0 - 5127"
[1] "        WT amino acid sequence read counts: 1876204 (11.60%), single variants 13886761 (85.86%)"
[1] "        WT barcodes observed 21227 of 27072 (78.41%)"
[1] "    Barcodes observed in bio. rep. ao_bin3-2 for 12928 of 16488 (78.41%) amino acid variants in library prkn_bc"
[1] "        Avg read count 810.7, median 357.0, range 0 - 1614905"
[1] "        Barcodes observed for 9175 of 9219 (99.52%) single amino acid variants in library prkn_bc"
[1] "        Single variant avg read count 1238.3, median 1205.0, range 0 - 4387"
[1] "        WT amino acid sequence read counts: 1614905 (12.08%), single variants 11416059 (85.41%)"
[1] "        WT barcodes observed 17131 of 27072 (63.28%)"
[1] "    Barcodes observed in bio. rep. ao_bin3-3 for 13482 of 16488 (81.77%) amino acid variants in library prkn_bc"
[1] "        Avg read count 850.4, median 445.0, range 0 - 1644180"
[1] "        Barcodes observed for 9195 of 9219 (99.74%) single amino acid variants in library prkn_bc"
[1] "        Single variant avg read count 1303.8, median 1254.0, range 0 - 4723"
[1] "        WT amino acid sequence read counts: 1644180 (11.73%), single variants 12019476 (85.72%)"
[1] "        WT barcodes observed 18294 of 27072 (67.58%)"
[1] "    Excluding WT from correlations at amino acid level"
[1] "    Amino acid level avg Pearson 0.93 range 0.92 - 0.94  (log avg 0.82 range 0.82 - 0.83 with pseudo counts 1)"
[1] "    Single AA variant avg AA Pearson 0.84 range 0.82 - 0.85  (log avg 0.82 range 0.80 - 0.84 with pseudo counts 1)"
[1] "Library prkn_bc selection 'ao_bin4' has 3 biological replicates"
[1] "    Avg Pearson 0.24 range 0.23 - 0.24  (log avg 0.24 range 0.24 - 0.24 with pseudo counts 1)"
[1] "    Barcodes observed in bio. rep. ao_bin4-1 for 12843 of 16488 (77.89%) amino acid variants in library prkn_bc"
[1] "        Avg read count 428.1, median 204.0, range 0 - 743704"
[1] "        Barcodes observed for 9168 of 9219 (99.45%) single amino acid variants in library prkn_bc"
[1] "        Single variant avg read count 663.5, median 613.0, range 0 - 4218"
[1] "        WT amino acid sequence read counts: 743704 (10.54%), single variants 6116817 (86.66%)"
[1] "        WT barcodes observed 14557 of 27072 (53.77%)"
[1] "    Barcodes observed in bio. rep. ao_bin4-2 for 11925 of 16488 (72.33%) amino acid variants in library prkn_bc"
[1] "        Avg read count 443.8, median 196.0, range 0 - 767792"
[1] "        Barcodes observed for 9101 of 9219 (98.72%) single amino acid variants in library prkn_bc"
[1] "        Single variant avg read count 687.8, median 614.0, range 0 - 4524"
[1] "        WT amino acid sequence read counts: 767792 (10.49%), single variants 6340730 (86.65%)"
[1] "        WT barcodes observed 11154 of 27072 (41.20%)"
[1] "    Barcodes observed in bio. rep. ao_bin4-3 for 12108 of 16488 (73.44%) amino acid variants in library prkn_bc"
[1] "        Avg read count 457.7, median 215.0, range 0 - 792883"
[1] "        Barcodes observed for 9142 of 9219 (99.16%) single amino acid variants in library prkn_bc"
[1] "        Single variant avg read count 709.9, median 637.0, range 0 - 4270"
[1] "        WT amino acid sequence read counts: 792883 (10.51%), single variants 6544751 (86.72%)"
[1] "        WT barcodes observed 11934 of 27072 (44.08%)"
[1] "    Excluding WT from correlations at amino acid level"
[1] "    Amino acid level avg Pearson 0.89 range 0.88 - 0.89  (log avg 0.81 range 0.81 - 0.81 with pseudo counts 1)"
[1] "    Single AA variant avg AA Pearson 0.79 range 0.78 - 0.79  (log avg 0.72 range 0.71 - 0.73 with pseudo counts 1)"
[1] "Library prkn_bc selection 'dmso_bin1' has 3 biological replicates"
[1] "    Avg Pearson 0.17 range 0.13 - 0.21  (log avg 0.20 range 0.17 - 0.22 with pseudo counts 1)"
[1] "    Barcodes observed in bio. rep. dmso_bin1-1 for 12735 of 16488 (77.24%) amino acid variants in library prkn_bc"
[1] "        Avg read count 395.2, median 183.0, range 0 - 830370"
[1] "        Barcodes observed for 9189 of 9219 (99.67%) single amino acid variants in library prkn_bc"
[1] "        Single variant avg read count 600.5, median 572.0, range 0 - 2686"
[1] "        WT amino acid sequence read counts: 830370 (12.74%), single variants 5535691 (84.96%)"
[1] "        WT barcodes observed 17426 of 27072 (64.37%)"
[1] "    Barcodes observed in bio. rep. dmso_bin1-2 for 11158 of 16488 (67.67%) amino acid variants in library prkn_bc"
[1] "        Avg read count 317.7, median 140.0, range 0 - 642696"
[1] "        Barcodes observed for 9091 of 9219 (98.61%) single amino acid variants in library prkn_bc"
[1] "        Single variant avg read count 484.7, median 434.0, range 0 - 3913"
[1] "        WT amino acid sequence read counts: 642696 (12.27%), single variants 4468689 (85.31%)"
[1] "        WT barcodes observed 9939 of 27072 (36.71%)"
[1] "    Barcodes observed in bio. rep. dmso_bin1-3 for 11301 of 16488 (68.54%) amino acid variants in library prkn_bc"
[1] "        Avg read count 299.8, median 139.0, range 0 - 592271"
[1] "        Barcodes observed for 9123 of 9219 (98.96%) single amino acid variants in library prkn_bc"
[1] "        Single variant avg read count 458.8, median 417.0, range 0 - 3529"
[1] "        WT amino acid sequence read counts: 592271 (11.98%), single variants 4229788 (85.58%)"
[1] "        WT barcodes observed 10305 of 27072 (38.07%)"
[1] "    Excluding WT from correlations at amino acid level"
[1] "    Amino acid level avg Pearson 0.83 range 0.79 - 0.86  (log avg 0.82 range 0.82 - 0.82 with pseudo counts 1)"
[1] "    Single AA variant avg AA Pearson 0.66 range 0.60 - 0.71  (log avg 0.64 range 0.58 - 0.68 with pseudo counts 1)"
[1] "Library prkn_bc selection 'dmso_bin2' has 3 biological replicates"
[1] "    Avg Pearson 0.28 range 0.26 - 0.31  (log avg 0.28 range 0.26 - 0.31 with pseudo counts 1)"
[1] "    Barcodes observed in bio. rep. dmso_bin2-1 for 13702 of 16488 (83.10%) amino acid variants in library prkn_bc"
[1] "        Avg read count 683.1, median 391.0, range 0 - 1316052"
[1] "        Barcodes observed for 9201 of 9219 (99.80%) single amino acid variants in library prkn_bc"
[1] "        Single variant avg read count 1048.3, median 1021.0, range 0 - 3569"
[1] "        WT amino acid sequence read counts: 1316052 (11.68%), single variants 9664358 (85.80%)"
[1] "        WT barcodes observed 19283 of 27072 (71.23%)"
[1] "    Barcodes observed in bio. rep. dmso_bin2-2 for 13000 of 16488 (78.85%) amino acid variants in library prkn_bc"
[1] "        Avg read count 784.5, median 457.0, range 0 - 1504404"
[1] "        Barcodes observed for 9199 of 9219 (99.78%) single amino acid variants in library prkn_bc"
[1] "        Single variant avg read count 1204.9, median 1167.0, range 0 - 3951"
[1] "        WT amino acid sequence read counts: 1504404 (11.63%), single variants 11107625 (85.87%)"
[1] "        WT barcodes observed 16348 of 27072 (60.39%)"
[1] "    Barcodes observed in bio. rep. dmso_bin2-3 for 12177 of 16488 (73.85%) amino acid variants in library prkn_bc"
[1] "        Avg read count 736.3, median 408.0, range 0 - 1417661"
[1] "        Barcodes observed for 9177 of 9219 (99.54%) single amino acid variants in library prkn_bc"
[1] "        Single variant avg read count 1130.2, median 1080.0, range 0 - 3800"
[1] "        WT amino acid sequence read counts: 1417661 (11.68%), single variants 10418949 (85.83%)"
[1] "        WT barcodes observed 13353 of 27072 (49.32%)"
[1] "    Excluding WT from correlations at amino acid level"
[1] "    Amino acid level avg Pearson 0.91 range 0.90 - 0.92  (log avg 0.81 range 0.80 - 0.81 with pseudo counts 1)"
[1] "    Single AA variant avg AA Pearson 0.78 range 0.76 - 0.81  (log avg 0.77 range 0.74 - 0.79 with pseudo counts 1)"
[1] "Library prkn_bc selection 'dmso_bin3' has 3 biological replicates"
[1] "    Avg Pearson 0.29 range 0.28 - 0.30  (log avg 0.31 range 0.31 - 0.32 with pseudo counts 1)"
[1] "    Barcodes observed in bio. rep. dmso_bin3-1 for 14525 of 16488 (88.09%) amino acid variants in library prkn_bc"
[1] "        Avg read count 885.2, median 610.0, range 0 - 1444517"
[1] "        Barcodes observed for 9209 of 9219 (99.89%) single amino acid variants in library prkn_bc"
[1] "        Single variant avg read count 1378.7, median 1332.0, range 0 - 5571"
[1] "        WT amino acid sequence read counts: 1444517 (9.90%), single variants 12709932 (87.08%)"
[1] "        WT barcodes observed 19288 of 27072 (71.25%)"
[1] "    Barcodes observed in bio. rep. dmso_bin3-2 for 13903 of 16488 (84.32%) amino acid variants in library prkn_bc"
[1] "        Avg read count 837.3, median 554.0, range 0 - 1404425"
[1] "        Barcodes observed for 9204 of 9219 (99.84%) single amino acid variants in library prkn_bc"
[1] "        Single variant avg read count 1302.4, median 1256.0, range 0 - 4926"
[1] "        WT amino acid sequence read counts: 1404425 (10.17%), single variants 12007247 (86.97%)"
[1] "        WT barcodes observed 17429 of 27072 (64.38%)"
[1] "    Barcodes observed in bio. rep. dmso_bin3-3 for 13614 of 16488 (82.57%) amino acid variants in library prkn_bc"
[1] "        Avg read count 825.5, median 532.0, range 0 - 1384645"
[1] "        Barcodes observed for 9206 of 9219 (99.86%) single amino acid variants in library prkn_bc"
[1] "        Single variant avg read count 1282.9, median 1232.0, range 0 - 4100"
[1] "        WT amino acid sequence read counts: 1384645 (10.17%), single variants 11827507 (86.90%)"
[1] "        WT barcodes observed 15972 of 27072 (59.00%)"
[1] "    Excluding WT from correlations at amino acid level"
[1] "    Amino acid level avg Pearson 0.92 range 0.91 - 0.92  (log avg 0.81 range 0.80 - 0.81 with pseudo counts 1)"
[1] "    Single AA variant avg AA Pearson 0.78 range 0.76 - 0.79  (log avg 0.80 range 0.79 - 0.81 with pseudo counts 1)"
[1] "Library prkn_bc selection 'dmso_bin4' has 3 biological replicates"
[1] "    Avg Pearson 0.19 range 0.18 - 0.20  (log avg 0.20 range 0.19 - 0.21 with pseudo counts 1)"
[1] "    Barcodes observed in bio. rep. dmso_bin4-1 for 13565 of 16488 (82.27%) amino acid variants in library prkn_bc"
[1] "        Avg read count 517.6, median 312.5, range 0 - 794451"
[1] "        Barcodes observed for 9195 of 9219 (99.74%) single amino acid variants in library prkn_bc"
[1] "        Single variant avg read count 808.1, median 746.0, range 0 - 5235"
[1] "        WT amino acid sequence read counts: 794451 (9.31%), single variants 7449866 (87.29%)"
[1] "        WT barcodes observed 14505 of 27072 (53.58%)"
[1] "    Barcodes observed in bio. rep. dmso_bin4-2 for 12175 of 16488 (73.84%) amino acid variants in library prkn_bc"
[1] "        Avg read count 486.7, median 270.0, range 0 - 741024"
[1] "        Barcodes observed for 9150 of 9219 (99.25%) single amino acid variants in library prkn_bc"
[1] "        Single variant avg read count 760.8, median 685.0, range 0 - 3829"
[1] "        WT amino acid sequence read counts: 741024 (9.24%), single variants 7013875 (87.41%)"
[1] "        WT barcodes observed 9654 of 27072 (35.66%)"
[1] "    Barcodes observed in bio. rep. dmso_bin4-3 for 12359 of 16488 (74.96%) amino acid variants in library prkn_bc"
[1] "        Avg read count 403.8, median 229.5, range 0 - 610202"
[1] "        Barcodes observed for 9154 of 9219 (99.29%) single amino acid variants in library prkn_bc"
[1] "        Single variant avg read count 631.0, median 579.0, range 0 - 3469"
[1] "        WT amino acid sequence read counts: 610202 (9.17%), single variants 5817208 (87.38%)"
[1] "        WT barcodes observed 9671 of 27072 (35.72%)"
[1] "    Excluding WT from correlations at amino acid level"
[1] "    Amino acid level avg Pearson 0.86 range 0.85 - 0.87  (log avg 0.78 range 0.78 - 0.79 with pseudo counts 1)"
[1] "    Single AA variant avg AA Pearson 0.71 range 0.69 - 0.73  (log avg 0.68 range 0.65 - 0.71 with pseudo counts 1)"
[1] ""
[1] "Saving counts.rda"
[1] "Saving counts_[lib].csv"
[1] "Saving unmapped counts to counts_unmapped.rda"
